// Jest Snapshot v1, https://goo.gl/fbAQLP

exports[`App test suite App renders correctly 1`] = `[Function]`;
